// Jest Snapshot v1, https://goo.gl/fbAQLP

exports[`PokemonCollection Render <PokemonCollection> 1`] = `
<div>
  <h2>
    Pokemon List
  </h2>
  <section
    className="collection-container"
  >
    <PokemonList
      id={1}
      image="123"
      key="1"
      name="bob"
    />
    <PokemonList
      id={2}
      image="456"
      key="2"
      name="james"
    />
  </section>
</div>
`;
